// Jest Snapshot v1, https://goo.gl/fbAQLP

exports[`cli should omit versions when omitVersions is true in config 1`] = `
"This file was generated with the generate-license-file npm package!
https://www.npmjs.com/package/generate-license-file

The following npm package may be included in this product:

 - dep-four

This package contains the following license:

# Dep Four

This license file is spelt \`LICENCE\`.
This license should be found.

-----------

The following npm package may be included in this product:

 - dep-one

This package contains the following license:

# Dep One

This license file is spelt \`LICENSE.md\`.
This license should be found.

-----------

The following npm package may be included in this product:

 - dep-three

This package contains the following license:

# Dep Three

This license file is spelt \`LICENSE\`.
This license should be found.

-----------

The following npm packages may be included in this product:

 - dep-two
 - dep-two-duplicate

These packages each contain the following license:

# Dep Two

This license file is spelt \`LICENCE.md\`.
This license should be found.

-----------

The following npm package may be included in this product:

 - dep-five

This package contains the following license:

MIT

-----------

This file was generated with the generate-license-file npm package!
https://www.npmjs.com/package/generate-license-file
"
`;
