// Jest Snapshot v1, https://goo.gl/fbAQLP

exports[`cli should match snapshot 1`] = `
"This file was generated with the generate-license-file npm package!
https://www.npmjs.com/package/generate-license-file

The following npm package may be included in this product:

 - dep-one@1.0.0

This package contains the following license:

# Dep One

This license file is spelt \`LICENSE.md\`.
This license should be found.

-----------

This file was generated with the generate-license-file npm package!
https://www.npmjs.com/package/generate-license-file
"
`;
