// Jest Snapshot v1, https://goo.gl/fbAQLP

exports[`cli should match snapshot when a package is replaced 1`] = `
"This file was generated with the generate-license-file npm package!
https://www.npmjs.com/package/generate-license-file

The following npm packages may be included in this product:

 - dep-two-duplicate@1.0.0
 - dep-two@1.0.0

These packages each contain the following license and notice below:

# Dep Two

This license file is spelt \`LICENCE.md\`.
This license should be found.

-----------

The following npm package may be included in this product:

 - dep-four@1.0.0

This package contains the following license and notice below:

# Remote license

This file is NOT an actual license for this package.

It is used as a resource for our e2e's, as a file we can fetch over the network, and have control over.

This content should appear in the generated license file output!

-----------

The following npm package may be included in this product:

 - dep-three@1.0.0

This package contains the following license and notice below:

I am the name-and-version replacement content.

-----------

The following npm package may be included in this product:

 - dep-one@1.0.0

This package contains the following license and notice below:

I am the name-only replacement content.

-----------

The following npm package may be included in this product:

 - dep-five@1.0.0

This package contains the following license and notice below:

MIT

-----------

This file was generated with the generate-license-file npm package!
https://www.npmjs.com/package/generate-license-file
"
`;
